---
http_interactions:
- request:
    method: get
    uri: http://localhost:3018/sections
    body:
      encoding: US-ASCII
      string: ''
    headers:
      Accept:
      - application/vnd.uktt.v2
      User-Agent:
      - Faraday v1.3.0
      Accept-Encoding:
      - gzip;q=1.0,deflate;q=0.6,identity;q=0.3
      Connection:
      - keep-alive
      Keep-Alive:
      - '30'
  response:
    status:
      code: 200
      message: OK
    headers:
      X-Frame-Options:
      - SAMEORIGIN
      X-Xss-Protection:
      - 1; mode=block
      X-Content-Type-Options:
      - nosniff
      X-Download-Options:
      - noopen
      X-Permitted-Cross-Domain-Policies:
      - none
      Referrer-Policy:
      - strict-origin-when-cross-origin
      Content-Type:
      - application/json; charset=utf-8
      Etag:
      - W/"bb220dc9550c71f2c077052054db82de"
      Cache-Control:
      - max-age=0, private, must-revalidate
      X-Request-Id:
      - d78c50d6-e583-4c55-9027-a2df7c42499a
      X-Runtime:
      - '0.019606'
      Content-Length:
      - '4716'
    body:
      encoding: UTF-8
      string: '{"data":[{"id":"1","type":"section","attributes":{"id":1,"numeral":"I","title":"Live
        animals; animal products","position":1,"chapter_from":"01","chapter_to":"05"}},{"id":"2","type":"section","attributes":{"id":2,"numeral":"II","title":"Vegetable
        products","position":2,"chapter_from":"06","chapter_to":"14"}},{"id":"3","type":"section","attributes":{"id":3,"numeral":"III","title":"Animal,
        vegetable or microbial fats and oils and their cleavage products; prepared
        edible fats; animal or vegetable waxes","position":3,"chapter_from":"15","chapter_to":"15"}},{"id":"4","type":"section","attributes":{"id":4,"numeral":"IV","title":"Prepared
        foodstuffs; beverages, spirits and vinegar; tobacco and manufactured tobacco
        substitutes","position":4,"chapter_from":"16","chapter_to":"24"}},{"id":"5","type":"section","attributes":{"id":5,"numeral":"V","title":"Mineral
        products","position":5,"chapter_from":"25","chapter_to":"27"}},{"id":"6","type":"section","attributes":{"id":6,"numeral":"VI","title":"Products
        of the chemical or allied industries","position":6,"chapter_from":"28","chapter_to":"38"}},{"id":"7","type":"section","attributes":{"id":7,"numeral":"VII","title":"Plastics
        and articles thereof; rubber and articles thereof","position":7,"chapter_from":"39","chapter_to":"40"}},{"id":"8","type":"section","attributes":{"id":8,"numeral":"VIII","title":"Raw
        hides and skins, leather, furskins and articles thereof; saddlery and harness;
        travel goods, handbags and similar containers; articles of animal gut (other
        than silkworm gut)","position":8,"chapter_from":"41","chapter_to":"43"}},{"id":"9","type":"section","attributes":{"id":9,"numeral":"IX","title":"Wood
        and articles of wood; wood charcoal; cork and articles of cork; manufactures
        of straw, of esparto or of other plaiting materials; basket-ware and wickerwork","position":9,"chapter_from":"44","chapter_to":"46"}},{"id":"10","type":"section","attributes":{"id":10,"numeral":"X","title":"Pulp
        of wood or of other fibrous cellulosic material; recovered (waste and scrap)
        paper or paperboard; paper and paperboard and articles thereof","position":10,"chapter_from":"47","chapter_to":"49"}},{"id":"11","type":"section","attributes":{"id":11,"numeral":"XI","title":"Textiles
        and textile articles","position":11,"chapter_from":"50","chapter_to":"63"}},{"id":"12","type":"section","attributes":{"id":12,"numeral":"XII","title":"Footwear,
        headgear, umbrellas, sun umbrellas, walking-sticks, seat-sticks, whips, riding-crops
        and parts thereof; prepared feathers and articles made therewith; artificial
        flowers; articles of human hair","position":12,"chapter_from":"64","chapter_to":"67"}},{"id":"13","type":"section","attributes":{"id":13,"numeral":"XIII","title":"Articles
        of stone, plaster, cement, asbestos, mica or similar materials; ceramic products;
        glass and glassware","position":13,"chapter_from":"68","chapter_to":"70"}},{"id":"14","type":"section","attributes":{"id":14,"numeral":"XIV","title":"Natural
        or cultured pearls, precious or semi-precious stones, precious metals, metals
        clad with precious metal and articles thereof; imitation jewellery; coins","position":14,"chapter_from":"71","chapter_to":"71"}},{"id":"15","type":"section","attributes":{"id":15,"numeral":"XV","title":"Base
        metals and articles of base metal","position":15,"chapter_from":"72","chapter_to":"83"}},{"id":"16","type":"section","attributes":{"id":16,"numeral":"XVI","title":"Machinery
        and mechanical appliances; electrical equipment; parts thereof, sound recorders
        and reproducers, television image and sound recorders and reproducers, and
        parts and accessories of such articles","position":16,"chapter_from":"84","chapter_to":"85"}},{"id":"17","type":"section","attributes":{"id":17,"numeral":"XVII","title":"Vehicles,
        aircraft, vessels and associated transport equipment","position":17,"chapter_from":"86","chapter_to":"89"}},{"id":"18","type":"section","attributes":{"id":18,"numeral":"XVIII","title":"Optical,
        photographic, cinematographic, measuring, checking, precision, medical or
        surgical instruments and apparatus; clocks and watches; musical instruments;
        parts and accessories thereof","position":18,"chapter_from":"90","chapter_to":"92"}},{"id":"19","type":"section","attributes":{"id":19,"numeral":"XIX","title":"Arms
        and ammunition; parts and accessories thereof","position":19,"chapter_from":"93","chapter_to":"93"}},{"id":"20","type":"section","attributes":{"id":20,"numeral":"XX","title":"Miscellaneous
        manufactured articles","position":20,"chapter_from":"94","chapter_to":"96"}},{"id":"21","type":"section","attributes":{"id":21,"numeral":"XXI","title":"Works
        of art, collectors'' pieces and antiques","position":21,"chapter_from":"97","chapter_to":"99"}}]}'
  recorded_at: Fri, 28 Apr 2023 09:06:53 GMT
- request:
    method: get
    uri: http://localhost:3018/search_suggestions?q=dsauidoasuiodsa
    body:
      encoding: US-ASCII
      string: ''
    headers:
      Accept:
      - application/vnd.uktt.v2
      User-Agent:
      - Faraday v1.3.0
      Accept-Encoding:
      - gzip;q=1.0,deflate;q=0.6,identity;q=0.3
      Connection:
      - keep-alive
      Keep-Alive:
      - '30'
  response:
    status:
      code: 200
      message: OK
    headers:
      X-Frame-Options:
      - SAMEORIGIN
      X-Xss-Protection:
      - 1; mode=block
      X-Content-Type-Options:
      - nosniff
      X-Download-Options:
      - noopen
      X-Permitted-Cross-Domain-Policies:
      - none
      Referrer-Policy:
      - strict-origin-when-cross-origin
      Content-Type:
      - application/json; charset=utf-8
      Etag:
      - W/"8fe32e407a1038ee38753b70e5374b3a"
      Cache-Control:
      - max-age=0, private, must-revalidate
      X-Request-Id:
      - c49b2c26-f96f-4a39-a5d4-9b8a81c11668
      X-Runtime:
      - '0.040559'
      Content-Length:
      - '11'
    body:
      encoding: UTF-8
      string: '{"data":[]}'
  recorded_at: Fri, 28 Apr 2023 09:06:54 GMT
- request:
    method: post
    uri: http://localhost:3018/search
    body:
      encoding: UTF-8
      string: as_of=2023-04-28&q=dsauidoasuiodsa&resource_id=
    headers:
      Accept:
      - application/vnd.uktt.v2
      User-Agent:
      - Faraday v1.3.0
      Content-Type:
      - application/x-www-form-urlencoded
      Accept-Encoding:
      - gzip;q=1.0,deflate;q=0.6,identity;q=0.3
      Connection:
      - keep-alive
      Keep-Alive:
      - '30'
  response:
    status:
      code: 200
      message: OK
    headers:
      X-Frame-Options:
      - SAMEORIGIN
      X-Xss-Protection:
      - 1; mode=block
      X-Content-Type-Options:
      - nosniff
      X-Download-Options:
      - noopen
      X-Permitted-Cross-Domain-Policies:
      - none
      Referrer-Policy:
      - strict-origin-when-cross-origin
      Content-Type:
      - application/json; charset=utf-8
      Etag:
      - W/"950231491983260c3114d301178e0116"
      Cache-Control:
      - max-age=0, private, must-revalidate
      X-Request-Id:
      - ea8cbb8b-0041-4308-b608-35f0a9a2a7ad
      X-Runtime:
      - '0.046066'
      Content-Length:
      - '244'
    body:
      encoding: UTF-8
      string: '{"data":{"id":"1","type":"fuzzy_search","attributes":{"type":"fuzzy_match","goods_nomenclature_match":{"chapters":[],"commodities":[],"headings":[],"sections":[]},"reference_match":{"chapters":[],"commodities":[],"headings":[],"sections":[]}}}}'
  recorded_at: Fri, 28 Apr 2023 09:06:56 GMT
recorded_with: VCR 6.1.0
